<?xml version='1.0' encoding='UTF-8'?>
<dataset>
  <focus_notiz id="10" fachschluesselartkurz="BTNR" fachschluessel="0226231100" text="Integration Test" ersteller="12FOCUS" erstell_ts="2019-08-07" letztaend="12FOCUS" letztaend_ts="2019-08-07"
			   updatecount="0" />
</dataset>
