<?xml version='1.0' encoding='UTF-8'?>
<dataset>
  <focus_notiz id="10" fachschluesselartkurz="VSNR" fachschluessel="4263060898" text="Updated" ersteller="12FOCUS" erstell_ts="2019-08-07" letztaend="12FOCUS" letztaend_ts="2019-08-07"
			   updatecount="1" />
</dataset>
